ARM Linker, 4.1 [Build 481] [Standard]

==============================================================================

Section Cross References

    stm32f10x.o(STACK) refers (Special) to heapauxi.o(.text) for __use_two_region_memory
    stm32f10x.o(HEAP) refers (Special) to heapauxi.o(.text) for __use_two_region_memory
    stm32f10x.o(RESET) refers (Special) to heapauxi.o(.text) for __use_two_region_memory
    stm32f10x.o(RESET) refers to stm32f10x.o(STACK) for __initial_sp
    stm32f10x.o(RESET) refers to stm32f10x.o(.text) for Reset_Handler
    stm32f10x.o(.text) refers (Special) to heapauxi.o(.text) for __use_two_region_memory
    stm32f10x.o(.text) refers to __main.o(!!!main) for __main
    stm32f10x.o(.text) refers to stm32f10x.o(HEAP) for Heap_Mem
    stm32f10x.o(.text) refers to stm32f10x.o(STACK) for Stack_Mem
    main.o(.text) refers to main.o(.data) for .data
    main.o(.text) refers to rc522.o(.text) for PcdRequest
    main.o(.text) refers to sys.o(.text) for Stm32_Clock_Init
    main.o(.text) refers to main.o(.bss) for .bss
    sys.o(.text) refers to main.o(.text) for RCC_DeInit
    sys.o(.text) refers to sys.o(.data) for .data
    rc522.o(.text) refers to main.o(.text) for RCC_APB2PeriphClockCmd
    __main.o(!!!main) refers to rtentry.o(.ARM.Collect$$rtentry$$00000000) for __rt_entry
    rtentry.o(.ARM.Collect$$rtentry$$00000000) refers (Special) to rtentry2.o(.ARM.Collect$$rtentry$$0000000A) for __rt_entry_li
    rtentry.o(.ARM.Collect$$rtentry$$00000000) refers (Special) to rtentry2.o(.ARM.Collect$$rtentry$$0000000D) for __rt_entry_main
    rtentry.o(.ARM.Collect$$rtentry$$00000000) refers (Special) to rtentry2.o(.ARM.Collect$$rtentry$$0000000C) for __rt_entry_postli_1
    rtentry.o(.ARM.Collect$$rtentry$$00000000) refers (Special) to rtentry2.o(.ARM.Collect$$rtentry$$00000009) for __rt_entry_postsh_1
    rtentry.o(.ARM.Collect$$rtentry$$00000000) refers (Special) to rtentry2.o(.ARM.Collect$$rtentry$$00000002) for __rt_entry_presh_1
    rtentry.o(.ARM.Collect$$rtentry$$00000000) refers (Special) to rtentry4.o(.ARM.Collect$$rtentry$$00000004) for __rt_entry_sh
    rtentry.o(.ARM.exidx) refers (Special) to rtentry2.o(.ARM.Collect$$rtentry$$0000000A) for __rt_entry_li
    rtentry.o(.ARM.exidx) refers (Special) to rtentry2.o(.ARM.Collect$$rtentry$$0000000D) for __rt_entry_main
    rtentry.o(.ARM.exidx) refers (Special) to rtentry2.o(.ARM.Collect$$rtentry$$0000000C) for __rt_entry_postli_1
    rtentry.o(.ARM.exidx) refers (Special) to rtentry2.o(.ARM.Collect$$rtentry$$00000009) for __rt_entry_postsh_1
    rtentry.o(.ARM.exidx) refers (Special) to rtentry2.o(.ARM.Collect$$rtentry$$00000002) for __rt_entry_presh_1
    rtentry.o(.ARM.exidx) refers (Special) to rtentry4.o(.ARM.Collect$$rtentry$$00000004) for __rt_entry_sh
    rtentry.o(.ARM.exidx) refers to rtentry.o(.ARM.Collect$$rtentry$$00000000) for .ARM.Collect$$rtentry$$00000000
    rtentry2.o(.ARM.Collect$$rtentry$$00000008) refers to boardinit2.o(.text) for _platform_post_stackheap_init
    rtentry2.o(.ARM.Collect$$rtentry$$0000000A) refers to libinit.o(.ARM.Collect$$libinit$$00000000) for __rt_lib_init
    rtentry2.o(.ARM.Collect$$rtentry$$0000000B) refers to boardinit3.o(.text) for _platform_post_lib_init
    rtentry2.o(.ARM.Collect$$rtentry$$0000000D) refers to main.o(.text) for main
    rtentry2.o(.ARM.Collect$$rtentry$$0000000D) refers to exit.o(.text) for exit
    rtentry2.o(.ARM.exidx) refers to rtentry2.o(.ARM.Collect$$rtentry$$00000001) for .ARM.Collect$$rtentry$$00000001
    rtentry2.o(.ARM.exidx) refers to rtentry2.o(.ARM.Collect$$rtentry$$00000002) for .ARM.Collect$$rtentry$$00000002
    rtentry2.o(.ARM.exidx) refers to rtentry2.o(.ARM.Collect$$rtentry$$00000008) for .ARM.Collect$$rtentry$$00000008
    rtentry2.o(.ARM.exidx) refers to rtentry2.o(.ARM.Collect$$rtentry$$00000009) for .ARM.Collect$$rtentry$$00000009
    rtentry2.o(.ARM.exidx) refers to rtentry2.o(.ARM.Collect$$rtentry$$0000000A) for .ARM.Collect$$rtentry$$0000000A
    rtentry2.o(.ARM.exidx) refers to rtentry2.o(.ARM.Collect$$rtentry$$0000000B) for .ARM.Collect$$rtentry$$0000000B
    rtentry2.o(.ARM.exidx) refers to rtentry2.o(.ARM.Collect$$rtentry$$0000000C) for .ARM.Collect$$rtentry$$0000000C
    rtentry2.o(.ARM.exidx) refers to rtentry2.o(.ARM.Collect$$rtentry$$0000000D) for .ARM.Collect$$rtentry$$0000000D
    rtentry4.o(.ARM.Collect$$rtentry$$00000004) refers to sys_stackheap_outer.o(.text) for __user_setup_stackheap
    rtentry4.o(.ARM.exidx) refers to rtentry4.o(.ARM.Collect$$rtentry$$00000004) for .ARM.Collect$$rtentry$$00000004
    sys_stackheap_outer.o(.text) refers to libspace.o(.text) for __user_perproc_libspace
    sys_stackheap_outer.o(.text) refers to stm32f10x.o(.text) for __user_initial_stackheap
    exit.o(.text) refers to rtexit.o(.ARM.Collect$$rtexit$$00000000) for __rt_exit
    libinit.o(.ARM.Collect$$libinit$$00000000) refers (Special) to libinit2.o(.ARM.Collect$$libinit$$0000002A) for __rt_lib_init_alloca_1
    libinit.o(.ARM.Collect$$libinit$$00000000) refers (Special) to libinit2.o(.ARM.Collect$$libinit$$00000028) for __rt_lib_init_argv_1
    libinit.o(.ARM.Collect$$libinit$$00000000) refers (Special) to libinit2.o(.ARM.Collect$$libinit$$00000017) for __rt_lib_init_atexit_1
    libinit.o(.ARM.Collect$$libinit$$00000000) refers (Special) to libinit2.o(.ARM.Collect$$libinit$$0000001D) for __rt_lib_init_clock_1
    libinit.o(.ARM.Collect$$libinit$$00000000) refers (Special) to libinit2.o(.ARM.Collect$$libinit$$0000002E) for __rt_lib_init_cpp_1
    libinit.o(.ARM.Collect$$libinit$$00000000) refers (Special) to libinit2.o(.ARM.Collect$$libinit$$0000002C) for __rt_lib_init_exceptions_1
    libinit.o(.ARM.Collect$$libinit$$00000000) refers (Special) to libinit2.o(.ARM.Collect$$libinit$$0000001B) for __rt_lib_init_fp_trap_1
    libinit.o(.ARM.Collect$$libinit$$00000000) refers (Special) to libinit2.o(.ARM.Collect$$libinit$$0000001F) for __rt_lib_init_getenv_1
    libinit.o(.ARM.Collect$$libinit$$00000000) refers (Special) to libinit2.o(.ARM.Collect$$libinit$$00000006) for __rt_lib_init_heap_1
    libinit.o(.ARM.Collect$$libinit$$00000000) refers (Special) to libinit2.o(.ARM.Collect$$libinit$$0000000D) for __rt_lib_init_lc_collate_1
    libinit.o(.ARM.Collect$$libinit$$00000000) refers (Special) to libinit2.o(.ARM.Collect$$libinit$$0000000F) for __rt_lib_init_lc_ctype_1
    libinit.o(.ARM.Collect$$libinit$$00000000) refers (Special) to libinit2.o(.ARM.Collect$$libinit$$00000011) for __rt_lib_init_lc_monetary_1
    libinit.o(.ARM.Collect$$libinit$$00000000) refers (Special) to libinit2.o(.ARM.Collect$$libinit$$00000013) for __rt_lib_init_lc_numeric_1
    libinit.o(.ARM.Collect$$libinit$$00000000) refers (Special) to libinit2.o(.ARM.Collect$$libinit$$00000015) for __rt_lib_init_lc_time_1
    libinit.o(.ARM.Collect$$libinit$$00000000) refers (Special) to libinit2.o(.ARM.Collect$$libinit$$0000000A) for __rt_lib_init_rand_1
    libinit.o(.ARM.Collect$$libinit$$00000000) refers (Special) to libinit2.o(.ARM.Collect$$libinit$$0000002F) for __rt_lib_init_return
    libinit.o(.ARM.Collect$$libinit$$00000000) refers (Special) to libinit2.o(.ARM.Collect$$libinit$$00000019) for __rt_lib_init_signal_1
    libinit.o(.ARM.Collect$$libinit$$00000000) refers (Special) to libinit2.o(.ARM.Collect$$libinit$$00000021) for __rt_lib_init_stdio_1
    libinit.o(.ARM.Collect$$libinit$$00000000) refers (Special) to libinit2.o(.ARM.Collect$$libinit$$00000008) for __rt_lib_init_user_alloc_1
    libinit.o(.ARM.Collect$$libinit$$00000000) refers to fpinit.o(x$fpl$fpinit) for _fp_init
    libspace.o(.text) refers to libspace.o(.bss) for __libspace_start
    rtexit.o(.ARM.Collect$$rtexit$$00000000) refers (Special) to rtexit2.o(.ARM.Collect$$rtexit$$00000004) for __rt_exit_exit
    rtexit.o(.ARM.Collect$$rtexit$$00000000) refers (Special) to rtexit2.o(.ARM.Collect$$rtexit$$00000003) for __rt_exit_ls
    rtexit.o(.ARM.Collect$$rtexit$$00000000) refers (Special) to rtexit2.o(.ARM.Collect$$rtexit$$00000002) for __rt_exit_prels_1
    rtexit.o(.ARM.exidx) refers (Special) to rtexit2.o(.ARM.Collect$$rtexit$$00000004) for __rt_exit_exit
    rtexit.o(.ARM.exidx) refers (Special) to rtexit2.o(.ARM.Collect$$rtexit$$00000003) for __rt_exit_ls
    rtexit.o(.ARM.exidx) refers (Special) to rtexit2.o(.ARM.Collect$$rtexit$$00000002) for __rt_exit_prels_1
    rtexit.o(.ARM.exidx) refers to rtexit.o(.ARM.Collect$$rtexit$$00000000) for .ARM.Collect$$rtexit$$00000000
    libinit2.o(.ARM.Collect$$libinit$$0000000C) refers to libinit2.o(.ARM.Collect$$libinit$$0000000B) for .ARM.Collect$$libinit$$0000000B
    libinit2.o(.ARM.Collect$$libinit$$0000000E) refers to libinit2.o(.ARM.Collect$$libinit$$0000000B) for .ARM.Collect$$libinit$$0000000B
    libinit2.o(.ARM.Collect$$libinit$$00000010) refers to libinit2.o(.ARM.Collect$$libinit$$0000000B) for .ARM.Collect$$libinit$$0000000B
    libinit2.o(.ARM.Collect$$libinit$$00000012) refers to libinit2.o(.ARM.Collect$$libinit$$0000000B) for .ARM.Collect$$libinit$$0000000B
    libinit2.o(.ARM.Collect$$libinit$$00000014) refers to libinit2.o(.ARM.Collect$$libinit$$0000000B) for .ARM.Collect$$libinit$$0000000B
    libinit2.o(.ARM.Collect$$libinit$$00000022) refers to argv_veneer.o(.emb_text) for __ARM_argv_veneer
    libinit2.o(.ARM.Collect$$libinit$$00000023) refers to argv_veneer.o(.emb_text) for __ARM_argv_veneer
    fpinit.o(x$fpl$fpinit) refers to rt_fp_status_addr_intlibspace.o(.text) for __rt_fp_status_addr
    rtexit2.o(.ARM.Collect$$rtexit$$00000003) refers to libshutdown.o(.ARM.Collect$$libshutdown$$00000000) for __rt_lib_shutdown
    rtexit2.o(.ARM.Collect$$rtexit$$00000004) refers to sys_exit.o(.text) for _sys_exit
    rtexit2.o(.ARM.exidx) refers to rtexit2.o(.ARM.Collect$$rtexit$$00000001) for .ARM.Collect$$rtexit$$00000001
    rtexit2.o(.ARM.exidx) refers to rtexit2.o(.ARM.Collect$$rtexit$$00000002) for .ARM.Collect$$rtexit$$00000002
    rtexit2.o(.ARM.exidx) refers to rtexit2.o(.ARM.Collect$$rtexit$$00000003) for .ARM.Collect$$rtexit$$00000003
    rtexit2.o(.ARM.exidx) refers to rtexit2.o(.ARM.Collect$$rtexit$$00000004) for .ARM.Collect$$rtexit$$00000004
    rt_fp_status_addr.o(.text) refers to rt_fp_status_addr.o(.bss) for __rt_fp_status_addr_data
    rt_fp_status_addr_intlibspace.o(.text) refers to libspace.o(.bss) for __libspace_start
    argv_veneer.o(.emb_text) refers to no_argv.o(.text) for __ARM_get_argv
    sys_exit.o(.text) refers (Special) to use_no_semi.o(.text) for __I$use$semihosting
    _get_argv_nomalloc.o(.text) refers (Special) to hrguard.o(.text) for __heap_region$guard
    _get_argv_nomalloc.o(.text) refers to defsig_rtmem_outer.o(.text) for __rt_SIGRTMEM
    _get_argv_nomalloc.o(.text) refers to sys_command.o(.text) for _sys_command_string
    libshutdown.o(.ARM.Collect$$libshutdown$$00000000) refers (Special) to libshutdown2.o(.ARM.Collect$$libshutdown$$00000006) for __rt_lib_shutdown_fp_trap_1
    libshutdown.o(.ARM.Collect$$libshutdown$$00000000) refers (Special) to libshutdown2.o(.ARM.Collect$$libshutdown$$0000000E) for __rt_lib_shutdown_heap_1
    libshutdown.o(.ARM.Collect$$libshutdown$$00000000) refers (Special) to libshutdown2.o(.ARM.Collect$$libshutdown$$0000000F) for __rt_lib_shutdown_return
    libshutdown.o(.ARM.Collect$$libshutdown$$00000000) refers (Special) to libshutdown2.o(.ARM.Collect$$libshutdown$$00000009) for __rt_lib_shutdown_signal_1
    libshutdown.o(.ARM.Collect$$libshutdown$$00000000) refers (Special) to libshutdown2.o(.ARM.Collect$$libshutdown$$00000003) for __rt_lib_shutdown_stdio_1
    libshutdown.o(.ARM.Collect$$libshutdown$$00000000) refers (Special) to libshutdown2.o(.ARM.Collect$$libshutdown$$0000000B) for __rt_lib_shutdown_user_alloc_1
    sys_command.o(.text) refers (Special) to use_no_semi.o(.text) for __I$use$semihosting
    defsig_rtmem_outer.o(.text) refers to defsig_rtmem_inner.o(.text) for __rt_SIGRTMEM_inner
    defsig_rtmem_outer.o(.text) refers to defsig_exit.o(.text) for __sig_exit
    defsig_rtmem_formal.o(.text) refers to rt_raise.o(.text) for __rt_raise
    rt_raise.o(.text) refers to __raise.o(.text) for __raise
    rt_raise.o(.text) refers to sys_exit.o(.text) for _sys_exit
    defsig_exit.o(.text) refers to sys_exit.o(.text) for _sys_exit
    defsig_rtmem_inner.o(.text) refers to defsig_general.o(.text) for __default_signal_display
    __raise.o(.text) refers to defsig.o(CL$$defsig) for __default_signal_handler
    defsig_general.o(.text) refers to sys_wrch.o(.text) for _ttywrch
    sys_wrch.o(.text) refers (Special) to use_no_semi.o(.text) for __I$use$semihosting
    defsig.o(CL$$defsig) refers to defsig_rtmem_inner.o(.text) for __rt_SIGRTMEM_inner
    defsig_abrt_inner.o(.text) refers to defsig_general.o(.text) for __default_signal_display
    defsig_fpe_inner.o(.text) refers to defsig_general.o(.text) for __default_signal_display
    defsig_rtred_inner.o(.text) refers to defsig_general.o(.text) for __default_signal_display
    defsig_stak_inner.o(.text) refers to defsig_general.o(.text) for __default_signal_display
    defsig_pvfn_inner.o(.text) refers to defsig_general.o(.text) for __default_signal_display
    defsig_cppl_inner.o(.text) refers to defsig_general.o(.text) for __default_signal_display
    defsig_segv_inner.o(.text) refers to defsig_general.o(.text) for __default_signal_display
    defsig_other.o(.text) refers to defsig_general.o(.text) for __default_signal_display


==============================================================================

Removing Unused input sections from the image.

    Removing main.o(.data), (6 bytes).
    Removing main.o(.data), (16 bytes).

2 unused section(s) (total 22 bytes) removed from the image.

==============================================================================

Image Symbol Table

    Local Symbols

    Symbol Name                              Value     Ov Type        Size  Object(Section)

    ../../angel/boardlib.s                   0x00000000   Number         0  boardinit1.o ABSOLUTE
    ../../angel/boardlib.s                   0x00000000   Number         0  boardinit3.o ABSOLUTE
    ../../angel/boardlib.s                   0x00000000   Number         0  boardinit2.o ABSOLUTE
    ../../angel/boardlib.s                   0x00000000   Number         0  boardshut.o ABSOLUTE
    ../../angel/handlers.s                   0x00000000   Number         0  __scatter_zi.o ABSOLUTE
    ../../angel/handlers.s                   0x00000000   Number         0  __scatter_copy.o ABSOLUTE
    ../../angel/kernel.s                     0x00000000   Number         0  rtentry4.o ABSOLUTE
    ../../angel/kernel.s                     0x00000000   Number         0  rtexit.o ABSOLUTE
    ../../angel/kernel.s                     0x00000000   Number         0  rtentry.o ABSOLUTE
    ../../angel/kernel.s                     0x00000000   Number         0  rtexit2.o ABSOLUTE
    ../../angel/kernel.s                     0x00000000   Number         0  rtentry2.o ABSOLUTE
    ../../angel/rt.s                         0x00000000   Number         0  rt_raise.o ABSOLUTE
    ../../angel/rt.s                         0x00000000   Number         0  rt_fp_status_addr_intlibspace.o ABSOLUTE
    ../../angel/rt.s                         0x00000000   Number         0  rt_fp_status_addr.o ABSOLUTE
    ../../angel/scatter.s                    0x00000000   Number         0  __scatter.o ABSOLUTE
    ../../angel/startup.s                    0x00000000   Number         0  __main.o ABSOLUTE
    ../../angel/sys.s                        0x00000000   Number         0  sys_stackheap_outer.o ABSOLUTE
    ../../angel/sys.s                        0x00000000   Number         0  libspace.o ABSOLUTE
    ../../angel/sys.s                        0x00000000   Number         0  use_no_semi.o ABSOLUTE
    ../../angel/sysapp.c                     0x00000000   Number         0  sys_wrch.o ABSOLUTE
    ../../angel/sysapp.c                     0x00000000   Number         0  sys_exit.o ABSOLUTE
    ../../angel/sysapp.c                     0x00000000   Number         0  sys_command.o ABSOLUTE
    ../../armsys.c                           0x00000000   Number         0  argv_veneer.o ABSOLUTE
    ../../armsys.c                           0x00000000   Number         0  _get_argv_nomalloc.o ABSOLUTE
    ../../armsys.c                           0x00000000   Number         0  argv_veneer.o ABSOLUTE
    ../../armsys.c                           0x00000000   Number         0  no_argv.o ABSOLUTE
    ../../fpinit.s                           0x00000000   Number         0  fpinit.o ABSOLUTE
    ../../heapalloc.c                        0x00000000   Number         0  hrguard.o ABSOLUTE
    ../../heapaux.c                          0x00000000   Number         0  heapauxi.o ABSOLUTE
    ../../libinit.s                          0x00000000   Number         0  libinit2.o ABSOLUTE
    ../../libinit.s                          0x00000000   Number         0  libshutdown2.o ABSOLUTE
    ../../libinit.s                          0x00000000   Number         0  libinit.o ABSOLUTE
    ../../libinit.s                          0x00000000   Number         0  libshutdown.o ABSOLUTE
    ../../signal.c                           0x00000000   Number         0  defsig_other.o ABSOLUTE
    ../../signal.c                           0x00000000   Number         0  defsig_segv_inner.o ABSOLUTE
    ../../signal.c                           0x00000000   Number         0  defsig_rtmem_inner.o ABSOLUTE
    ../../signal.c                           0x00000000   Number         0  defsig_exit.o ABSOLUTE
    ../../signal.c                           0x00000000   Number         0  defsig_general.o ABSOLUTE
    ../../signal.c                           0x00000000   Number         0  defsig_abrt_inner.o ABSOLUTE
    ../../signal.c                           0x00000000   Number         0  defsig_rtmem_formal.o ABSOLUTE
    ../../signal.c                           0x00000000   Number         0  defsig_rtmem_outer.o ABSOLUTE
    ../../signal.c                           0x00000000   Number         0  defsig_rtred_inner.o ABSOLUTE
    ../../signal.c                           0x00000000   Number         0  defsig_stak_inner.o ABSOLUTE
    ../../signal.c                           0x00000000   Number         0  defsig_fpe_inner.o ABSOLUTE
    ../../signal.c                           0x00000000   Number         0  defsig_pvfn_inner.o ABSOLUTE
    ../../signal.c                           0x00000000   Number         0  defsig_cppl_inner.o ABSOLUTE
    ../../signal.c                           0x00000000   Number         0  __raise.o ABSOLUTE
    ../../signal.s                           0x00000000   Number         0  defsig.o ABSOLUTE
    ../../stdlib.c                           0x00000000   Number         0  exit.o ABSOLUTE
    ..\modules\rc522\rc522.c                 0x00000000   Number         0  rc522.o ABSOLUTE
    ..\system\SYS.C                          0x00000000   Number         0  sys.o ABSOLUTE
    STM32F10x.s                              0x00000000   Number         0  stm32f10x.o ABSOLUTE
    dc.s                                     0x00000000   Number         0  dc.o ABSOLUTE
    main.c                                   0x00000000   Number         0  main.o ABSOLUTE
    RESET                                    0x08000000   Section      236  stm32f10x.o(RESET)
    !!!main                                  0x080000ec   Section        8  __main.o(!!!main)
    !!!scatter                               0x080000f4   Section       52  __scatter.o(!!!scatter)
    !!handler_copy                           0x08000128   Section       26  __scatter_copy.o(!!handler_copy)
    !!handler_zi                             0x08000144   Section       28  __scatter_zi.o(!!handler_zi)
    .ARM.Collect$$libinit$$00000000          0x08000160   Section        6  libinit.o(.ARM.Collect$$libinit$$00000000)
    .ARM.Collect$$libinit$$00000006          0x08000166   Section        0  libinit2.o(.ARM.Collect$$libinit$$00000006)
    .ARM.Collect$$libinit$$00000008          0x08000166   Section        0  libinit2.o(.ARM.Collect$$libinit$$00000008)
    .ARM.Collect$$libinit$$0000000A          0x08000166   Section        0  libinit2.o(.ARM.Collect$$libinit$$0000000A)
    .ARM.Collect$$libinit$$0000000D          0x08000166   Section        0  libinit2.o(.ARM.Collect$$libinit$$0000000D)
    .ARM.Collect$$libinit$$0000000F          0x08000166   Section        0  libinit2.o(.ARM.Collect$$libinit$$0000000F)
    .ARM.Collect$$libinit$$00000011          0x08000166   Section        0  libinit2.o(.ARM.Collect$$libinit$$00000011)
    .ARM.Collect$$libinit$$00000013          0x08000166   Section        0  libinit2.o(.ARM.Collect$$libinit$$00000013)
    .ARM.Collect$$libinit$$00000015          0x08000166   Section        0  libinit2.o(.ARM.Collect$$libinit$$00000015)
    .ARM.Collect$$libinit$$00000017          0x08000166   Section        0  libinit2.o(.ARM.Collect$$libinit$$00000017)
    .ARM.Collect$$libinit$$00000019          0x08000166   Section        0  libinit2.o(.ARM.Collect$$libinit$$00000019)
    .ARM.Collect$$libinit$$0000001B          0x08000166   Section        0  libinit2.o(.ARM.Collect$$libinit$$0000001B)
    .ARM.Collect$$libinit$$0000001D          0x08000166   Section        0  libinit2.o(.ARM.Collect$$libinit$$0000001D)
    .ARM.Collect$$libinit$$0000001F          0x08000166   Section        0  libinit2.o(.ARM.Collect$$libinit$$0000001F)
    .ARM.Collect$$libinit$$00000021          0x08000166   Section        0  libinit2.o(.ARM.Collect$$libinit$$00000021)
    .ARM.Collect$$libinit$$00000028          0x08000166   Section        0  libinit2.o(.ARM.Collect$$libinit$$00000028)
    .ARM.Collect$$libinit$$0000002A          0x08000166   Section        0  libinit2.o(.ARM.Collect$$libinit$$0000002A)
    .ARM.Collect$$libinit$$0000002C          0x08000166   Section        0  libinit2.o(.ARM.Collect$$libinit$$0000002C)
    .ARM.Collect$$libinit$$0000002E          0x08000166   Section        0  libinit2.o(.ARM.Collect$$libinit$$0000002E)
    .ARM.Collect$$libinit$$0000002F          0x08000166   Section        2  libinit2.o(.ARM.Collect$$libinit$$0000002F)
    .ARM.Collect$$libshutdown$$00000000      0x08000168   Section        2  libshutdown.o(.ARM.Collect$$libshutdown$$00000000)
    .ARM.Collect$$libshutdown$$00000003      0x0800016a   Section        0  libshutdown2.o(.ARM.Collect$$libshutdown$$00000003)
    .ARM.Collect$$libshutdown$$00000006      0x0800016a   Section        0  libshutdown2.o(.ARM.Collect$$libshutdown$$00000006)
    .ARM.Collect$$libshutdown$$00000009      0x0800016a   Section        0  libshutdown2.o(.ARM.Collect$$libshutdown$$00000009)
    .ARM.Collect$$libshutdown$$0000000B      0x0800016a   Section        0  libshutdown2.o(.ARM.Collect$$libshutdown$$0000000B)
    .ARM.Collect$$libshutdown$$0000000E      0x0800016a   Section        0  libshutdown2.o(.ARM.Collect$$libshutdown$$0000000E)
    .ARM.Collect$$libshutdown$$0000000F      0x0800016a   Section        2  libshutdown2.o(.ARM.Collect$$libshutdown$$0000000F)
    .ARM.Collect$$rtentry$$00000000          0x0800016c   Section        0  rtentry.o(.ARM.Collect$$rtentry$$00000000)
    .ARM.Collect$$rtentry$$00000002          0x0800016c   Section        0  rtentry2.o(.ARM.Collect$$rtentry$$00000002)
    .ARM.Collect$$rtentry$$00000004          0x0800016c   Section        6  rtentry4.o(.ARM.Collect$$rtentry$$00000004)
    .ARM.Collect$$rtentry$$00000009          0x08000172   Section        0  rtentry2.o(.ARM.Collect$$rtentry$$00000009)
    .ARM.Collect$$rtentry$$0000000A          0x08000172   Section        4  rtentry2.o(.ARM.Collect$$rtentry$$0000000A)
    .ARM.Collect$$rtentry$$0000000C          0x08000176   Section        0  rtentry2.o(.ARM.Collect$$rtentry$$0000000C)
    .ARM.Collect$$rtentry$$0000000D          0x08000176   Section        8  rtentry2.o(.ARM.Collect$$rtentry$$0000000D)
    .ARM.Collect$$rtexit$$00000000           0x0800017e   Section        2  rtexit.o(.ARM.Collect$$rtexit$$00000000)
    .ARM.Collect$$rtexit$$00000002           0x08000180   Section        0  rtexit2.o(.ARM.Collect$$rtexit$$00000002)
    .ARM.Collect$$rtexit$$00000003           0x08000180   Section        4  rtexit2.o(.ARM.Collect$$rtexit$$00000003)
    .ARM.Collect$$rtexit$$00000004           0x08000184   Section        6  rtexit2.o(.ARM.Collect$$rtexit$$00000004)
    .text                                    0x0800018c   Section       52  stm32f10x.o(.text)
    .text                                    0x080001c0   Section        0  main.o(.text)
    TI2_Config                               0x08000fdb   Thumb Code    98  main.o(.text)
    TI1_Config                               0x0800104d   Thumb Code    84  main.o(.text)
    .text                                    0x08001754   Section        0  sys.o(.text)
    .text                                    0x08001880   Section        0  rc522.o(.text)
    .text                                    0x08001ed6   Section        0  heapauxi.o(.text)
    .text                                    0x08001edc   Section       74  sys_stackheap_outer.o(.text)
    .text                                    0x08001f26   Section        0  exit.o(.text)
    .text                                    0x08001f34   Section        8  libspace.o(.text)
    .text                                    0x08001f3c   Section       12  rt_fp_status_addr_intlibspace.o(.text)
    .text                                    0x08001f48   Section        0  sys_exit.o(.text)
    .text                                    0x08001f54   Section        2  use_no_semi.o(.text)
    x$fpl$fpinit                             0x08001f56   Section       14  fpinit.o(x$fpl$fpinit)
    .data                                    0x20000000   Section       30  main.o(.data)
    ADCPrescTable                            0x20000000   Data           4  main.o(.data)
    APBAHBPrescTable                         0x2000000e   Data          16  main.o(.data)
    .data                                    0x2000001e   Section        4  sys.o(.data)
    fac_us                                   0x2000001e   Data           1  sys.o(.data)
    fac_ms                                   0x20000020   Data           2  sys.o(.data)
    .bss                                     0x20000024   Section       62  main.o(.bss)
    .bss                                     0x20000064   Section       96  libspace.o(.bss)
    HEAP                                     0x200000c8   Section        0  stm32f10x.o(HEAP)
    STACK                                    0x200000c8   Section      512  stm32f10x.o(STACK)
    Heap_Mem                                 0x200000c8   Data           0  stm32f10x.o(HEAP)
    Stack_Mem                                0x200000c8   Data         512  stm32f10x.o(STACK)
    __initial_sp                             0x200002c8   Data           0  stm32f10x.o(STACK)

    Global Symbols

    Symbol Name                              Value     Ov Type        Size  Object(Section)

    BuildAttributes$$THM_ISAv4$P$D$K$B$S$PE$A:L22UL41UL21$X:L11$S22US41US21$IEEE1$IW$USESV6$~STKCKD$USESV7$~SHL$OSPACE$ROPI$EBA8$UX$STANDARDLIB$REQ8$PRES8$EABIv2 0x00000000   Number         0  anon$$obj.o ABSOLUTE
    __ARM_use_no_argv                        0x00000000   Number         0  main.o ABSOLUTE
    __ARM_exceptions_init                     - Undefined Weak Reference
    __alloca_initialize                       - Undefined Weak Reference
    __cpp_initialize__aeabi_                  - Undefined Weak Reference
    __cxa_finalize                            - Undefined Weak Reference
    __rt_locale                               - Undefined Weak Reference
    __sigvec_lookup                           - Undefined Weak Reference
    _atexit_init                              - Undefined Weak Reference
    _call_atexit_fns                          - Undefined Weak Reference
    _clock_init                               - Undefined Weak Reference
    _fp_trap_init                             - Undefined Weak Reference
    _fp_trap_shutdown                         - Undefined Weak Reference
    _get_lc_collate                           - Undefined Weak Reference
    _get_lc_ctype                             - Undefined Weak Reference
    _get_lc_monetary                          - Undefined Weak Reference
    _get_lc_numeric                           - Undefined Weak Reference
    _get_lc_time                              - Undefined Weak Reference
    _getenv_init                              - Undefined Weak Reference
    _handle_redirection                       - Undefined Weak Reference
    _init_alloc                               - Undefined Weak Reference
    _init_user_alloc                          - Undefined Weak Reference
    _initio                                   - Undefined Weak Reference
    _rand_init                                - Undefined Weak Reference
    _signal_finish                            - Undefined Weak Reference
    _signal_init                              - Undefined Weak Reference
    _terminate_alloc                          - Undefined Weak Reference
    _terminate_user_alloc                     - Undefined Weak Reference
    _terminateio                              - Undefined Weak Reference
    __Vectors                                0x08000000   Data           4  stm32f10x.o(RESET)
    __main                                   0x080000ed   Thumb Code     8  __main.o(!!!main)
    __scatterload                            0x080000f5   Thumb Code     0  __scatter.o(!!!scatter)
    __scatterload_rt2                        0x080000f5   Thumb Code    44  __scatter.o(!!!scatter)
    __scatterload_rt2_thumb_only             0x080000f5   Thumb Code     0  __scatter.o(!!!scatter)
    __scatterload_null                       0x08000103   Thumb Code     0  __scatter.o(!!!scatter)
    __scatterload_copy                       0x08000129   Thumb Code    26  __scatter_copy.o(!!handler_copy)
    __scatterload_zeroinit                   0x08000145   Thumb Code    28  __scatter_zi.o(!!handler_zi)
    __rt_lib_init                            0x08000161   Thumb Code     0  libinit.o(.ARM.Collect$$libinit$$00000000)
    __rt_lib_init_alloca_1                   0x08000167   Thumb Code     0  libinit2.o(.ARM.Collect$$libinit$$0000002A)
    __rt_lib_init_argv_1                     0x08000167   Thumb Code     0  libinit2.o(.ARM.Collect$$libinit$$00000028)
    __rt_lib_init_atexit_1                   0x08000167   Thumb Code     0  libinit2.o(.ARM.Collect$$libinit$$00000017)
    __rt_lib_init_clock_1                    0x08000167   Thumb Code     0  libinit2.o(.ARM.Collect$$libinit$$0000001D)
    __rt_lib_init_cpp_1                      0x08000167   Thumb Code     0  libinit2.o(.ARM.Collect$$libinit$$0000002E)
    __rt_lib_init_exceptions_1               0x08000167   Thumb Code     0  libinit2.o(.ARM.Collect$$libinit$$0000002C)
    __rt_lib_init_fp_trap_1                  0x08000167   Thumb Code     0  libinit2.o(.ARM.Collect$$libinit$$0000001B)
    __rt_lib_init_getenv_1                   0x08000167   Thumb Code     0  libinit2.o(.ARM.Collect$$libinit$$0000001F)
    __rt_lib_init_heap_1                     0x08000167   Thumb Code     0  libinit2.o(.ARM.Collect$$libinit$$00000006)
    __rt_lib_init_lc_collate_1               0x08000167   Thumb Code     0  libinit2.o(.ARM.Collect$$libinit$$0000000D)
    __rt_lib_init_lc_ctype_1                 0x08000167   Thumb Code     0  libinit2.o(.ARM.Collect$$libinit$$0000000F)
    __rt_lib_init_lc_monetary_1              0x08000167   Thumb Code     0  libinit2.o(.ARM.Collect$$libinit$$00000011)
    __rt_lib_init_lc_numeric_1               0x08000167   Thumb Code     0  libinit2.o(.ARM.Collect$$libinit$$00000013)
    __rt_lib_init_lc_time_1                  0x08000167   Thumb Code     0  libinit2.o(.ARM.Collect$$libinit$$00000015)
    __rt_lib_init_rand_1                     0x08000167   Thumb Code     0  libinit2.o(.ARM.Collect$$libinit$$0000000A)
    __rt_lib_init_return                     0x08000167   Thumb Code     0  libinit2.o(.ARM.Collect$$libinit$$0000002F)
    __rt_lib_init_signal_1                   0x08000167   Thumb Code     0  libinit2.o(.ARM.Collect$$libinit$$00000019)
    __rt_lib_init_stdio_1                    0x08000167   Thumb Code     0  libinit2.o(.ARM.Collect$$libinit$$00000021)
    __rt_lib_init_user_alloc_1               0x08000167   Thumb Code     0  libinit2.o(.ARM.Collect$$libinit$$00000008)
    __rt_lib_shutdown                        0x08000169   Thumb Code     0  libshutdown.o(.ARM.Collect$$libshutdown$$00000000)
    __rt_lib_shutdown_fp_trap_1              0x0800016b   Thumb Code     0  libshutdown2.o(.ARM.Collect$$libshutdown$$00000006)
    __rt_lib_shutdown_heap_1                 0x0800016b   Thumb Code     0  libshutdown2.o(.ARM.Collect$$libshutdown$$0000000E)
    __rt_lib_shutdown_return                 0x0800016b   Thumb Code     0  libshutdown2.o(.ARM.Collect$$libshutdown$$0000000F)
    __rt_lib_shutdown_signal_1               0x0800016b   Thumb Code     0  libshutdown2.o(.ARM.Collect$$libshutdown$$00000009)
    __rt_lib_shutdown_stdio_1                0x0800016b   Thumb Code     0  libshutdown2.o(.ARM.Collect$$libshutdown$$00000003)
    __rt_lib_shutdown_user_alloc_1           0x0800016b   Thumb Code     0  libshutdown2.o(.ARM.Collect$$libshutdown$$0000000B)
    __rt_entry                               0x0800016d   Thumb Code     0  rtentry.o(.ARM.Collect$$rtentry$$00000000)
    __rt_entry_presh_1                       0x0800016d   Thumb Code     0  rtentry2.o(.ARM.Collect$$rtentry$$00000002)
    __rt_entry_sh                            0x0800016d   Thumb Code     0  rtentry4.o(.ARM.Collect$$rtentry$$00000004)
    __rt_entry_li                            0x08000173   Thumb Code     0  rtentry2.o(.ARM.Collect$$rtentry$$0000000A)
    __rt_entry_postsh_1                      0x08000173   Thumb Code     0  rtentry2.o(.ARM.Collect$$rtentry$$00000009)
    __rt_entry_main                          0x08000177   Thumb Code     0  rtentry2.o(.ARM.Collect$$rtentry$$0000000D)
    __rt_entry_postli_1                      0x08000177   Thumb Code     0  rtentry2.o(.ARM.Collect$$rtentry$$0000000C)
    __rt_exit                                0x0800017f   Thumb Code     0  rtexit.o(.ARM.Collect$$rtexit$$00000000)
    __rt_exit_ls                             0x08000181   Thumb Code     0  rtexit2.o(.ARM.Collect$$rtexit$$00000003)
    __rt_exit_prels_1                        0x08000181   Thumb Code     0  rtexit2.o(.ARM.Collect$$rtexit$$00000002)
    __rt_exit_exit                           0x08000185   Thumb Code     0  rtexit2.o(.ARM.Collect$$rtexit$$00000004)
    Reset_Handler                            0x0800018d   Thumb Code     4  stm32f10x.o(.text)
    NMI_Handler                              0x08000191   Thumb Code     2  stm32f10x.o(.text)
    HardFault_Handler                        0x08000193   Thumb Code     2  stm32f10x.o(.text)
    MemManage_Handler                        0x08000195   Thumb Code     2  stm32f10x.o(.text)
    BusFault_Handler                         0x08000197   Thumb Code     2  stm32f10x.o(.text)
    UsageFault_Handler                       0x08000199   Thumb Code     2  stm32f10x.o(.text)
    SVC_Handler                              0x0800019b   Thumb Code     2  stm32f10x.o(.text)
    DebugMon_Handler                         0x0800019d   Thumb Code     2  stm32f10x.o(.text)
    PendSV_Handler                           0x0800019f   Thumb Code     2  stm32f10x.o(.text)
    SysTick_Handler                          0x080001a1   Thumb Code     2  stm32f10x.o(.text)
    ADC_IRQHandler                           0x080001a3   Thumb Code     0  stm32f10x.o(.text)
    CAN_RX1_IRQHandler                       0x080001a3   Thumb Code     0  stm32f10x.o(.text)
    CAN_SCE_IRQHandler                       0x080001a3   Thumb Code     0  stm32f10x.o(.text)
    DMAChannel1_IRQHandler                   0x080001a3   Thumb Code     0  stm32f10x.o(.text)
    DMAChannel2_IRQHandler                   0x080001a3   Thumb Code     0  stm32f10x.o(.text)
    DMAChannel3_IRQHandler                   0x080001a3   Thumb Code     0  stm32f10x.o(.text)
    DMAChannel4_IRQHandler                   0x080001a3   Thumb Code     0  stm32f10x.o(.text)
    DMAChannel5_IRQHandler                   0x080001a3   Thumb Code     0  stm32f10x.o(.text)
    DMAChannel6_IRQHandler                   0x080001a3   Thumb Code     0  stm32f10x.o(.text)
    DMAChannel7_IRQHandler                   0x080001a3   Thumb Code     0  stm32f10x.o(.text)
    EXTI0_IRQHandler                         0x080001a3   Thumb Code     0  stm32f10x.o(.text)
    EXTI15_10_IRQHandler                     0x080001a3   Thumb Code     0  stm32f10x.o(.text)
    EXTI1_IRQHandler                         0x080001a3   Thumb Code     0  stm32f10x.o(.text)
    EXTI2_IRQHandler                         0x080001a3   Thumb Code     0  stm32f10x.o(.text)
    EXTI3_IRQHandler                         0x080001a3   Thumb Code     0  stm32f10x.o(.text)
    EXTI4_IRQHandler                         0x080001a3   Thumb Code     0  stm32f10x.o(.text)
    EXTI9_5_IRQHandler                       0x080001a3   Thumb Code     0  stm32f10x.o(.text)
    FLASH_IRQHandler                         0x080001a3   Thumb Code     0  stm32f10x.o(.text)
    I2C1_ER_IRQHandler                       0x080001a3   Thumb Code     0  stm32f10x.o(.text)
    I2C1_EV_IRQHandler                       0x080001a3   Thumb Code     0  stm32f10x.o(.text)
    I2C2_ER_IRQHandler                       0x080001a3   Thumb Code     0  stm32f10x.o(.text)
    I2C2_EV_IRQHandler                       0x080001a3   Thumb Code     0  stm32f10x.o(.text)
    PVD_IRQHandler                           0x080001a3   Thumb Code     0  stm32f10x.o(.text)
    RCC_IRQHandler                           0x080001a3   Thumb Code     0  stm32f10x.o(.text)
    RTCAlarm_IRQHandler                      0x080001a3   Thumb Code     0  stm32f10x.o(.text)
    RTC_IRQHandler                           0x080001a3   Thumb Code     0  stm32f10x.o(.text)
    SPI1_IRQHandler                          0x080001a3   Thumb Code     0  stm32f10x.o(.text)
    SPI2_IRQHandler                          0x080001a3   Thumb Code     0  stm32f10x.o(.text)
    TAMPER_IRQHandler                        0x080001a3   Thumb Code     0  stm32f10x.o(.text)
    TIM1_BRK_IRQHandler                      0x080001a3   Thumb Code     0  stm32f10x.o(.text)
    TIM1_CC_IRQHandler                       0x080001a3   Thumb Code     0  stm32f10x.o(.text)
    TIM1_TRG_COM_IRQHandler                  0x080001a3   Thumb Code     0  stm32f10x.o(.text)
    TIM1_UP_IRQHandler                       0x080001a3   Thumb Code     0  stm32f10x.o(.text)
    TIM2_IRQHandler                          0x080001a3   Thumb Code     0  stm32f10x.o(.text)
    TIM3_IRQHandler                          0x080001a3   Thumb Code     0  stm32f10x.o(.text)
    TIM4_IRQHandler                          0x080001a3   Thumb Code     0  stm32f10x.o(.text)
    USART1_IRQHandler                        0x080001a3   Thumb Code     0  stm32f10x.o(.text)
    USART2_IRQHandler                        0x080001a3   Thumb Code     0  stm32f10x.o(.text)
    USART3_IRQHandler                        0x080001a3   Thumb Code     0  stm32f10x.o(.text)
    USBWakeUp_IRQHandler                     0x080001a3   Thumb Code     0  stm32f10x.o(.text)
    USB_HP_CAN_TX_IRQHandler                 0x080001a3   Thumb Code     0  stm32f10x.o(.text)
    USB_LP_CAN_RX0_IRQHandler                0x080001a3   Thumb Code     0  stm32f10x.o(.text)
    WWDG_IRQHandler                          0x080001a3   Thumb Code     0  stm32f10x.o(.text)
    __user_initial_stackheap                 0x080001a5   Thumb Code     0  stm32f10x.o(.text)
    NVIC_PriorityGroupConfig                 0x080001c1   Thumb Code    10  main.o(.text)
    NVIC_Init                                0x080001cb   Thumb Code    92  main.o(.text)
    NVIC_SetVectorTable                      0x08000227   Thumb Code    12  main.o(.text)
    NVIC_SystemLPConfig                      0x08000233   Thumb Code    24  main.o(.text)
    SysTick_CLKSourceConfig                  0x0800024b   Thumb Code    24  main.o(.text)
    RCC_DeInit                               0x08000263   Thumb Code    50  main.o(.text)
    RCC_HSEConfig                            0x08000295   Thumb Code    48  main.o(.text)
    RCC_GetFlagStatus                        0x080002c5   Thumb Code    42  main.o(.text)
    RCC_WaitForHSEStartUp                    0x080002ef   Thumb Code    38  main.o(.text)
    RCC_AdjustHSICalibrationValue            0x08000315   Thumb Code    16  main.o(.text)
    RCC_HSICmd                               0x08000325   Thumb Code     6  main.o(.text)
    RCC_PLLConfig                            0x0800032b   Thumb Code    16  main.o(.text)
    RCC_PLLCmd                               0x0800033b   Thumb Code     6  main.o(.text)
    RCC_SYSCLKConfig                         0x08000341   Thumb Code    14  main.o(.text)
    RCC_GetSYSCLKSource                      0x0800034f   Thumb Code    10  main.o(.text)
    RCC_HCLKConfig                           0x08000359   Thumb Code    14  main.o(.text)
    RCC_PCLK1Config                          0x08000367   Thumb Code    14  main.o(.text)
    RCC_PCLK2Config                          0x08000375   Thumb Code    16  main.o(.text)
    RCC_ITConfig                             0x08000385   Thumb Code    18  main.o(.text)
    RCC_USBCLKConfig                         0x08000397   Thumb Code     6  main.o(.text)
    RCC_ADCCLKConfig                         0x0800039d   Thumb Code    14  main.o(.text)
    RCC_LSEConfig                            0x080003ab   Thumb Code    26  main.o(.text)
    RCC_LSICmd                               0x080003c5   Thumb Code     6  main.o(.text)
    RCC_RTCCLKConfig                         0x080003cb   Thumb Code    10  main.o(.text)
    RCC_RTCCLKCmd                            0x080003d5   Thumb Code     6  main.o(.text)
    RCC_GetClocksFreq                        0x080003db   Thumb Code   134  main.o(.text)
    RCC_AHBPeriphClockCmd                    0x08000461   Thumb Code    18  main.o(.text)
    RCC_APB2PeriphClockCmd                   0x08000473   Thumb Code    18  main.o(.text)
    RCC_APB1PeriphClockCmd                   0x08000485   Thumb Code    18  main.o(.text)
    RCC_APB2PeriphResetCmd                   0x08000497   Thumb Code    18  main.o(.text)
    RCC_APB1PeriphResetCmd                   0x080004a9   Thumb Code    18  main.o(.text)
    RCC_BackupResetCmd                       0x080004bb   Thumb Code     6  main.o(.text)
    RCC_ClockSecuritySystemCmd               0x080004c1   Thumb Code     6  main.o(.text)
    RCC_MCOConfig                            0x080004c7   Thumb Code     6  main.o(.text)
    RCC_ClearFlag                            0x080004cd   Thumb Code    12  main.o(.text)
    RCC_GetITStatus                          0x080004d9   Thumb Code    16  main.o(.text)
    RCC_ClearITPendingBit                    0x080004e9   Thumb Code     6  main.o(.text)
    GPIO_DeInit                              0x080004ef   Thumb Code   150  main.o(.text)
    GPIO_AFIODeInit                          0x08000585   Thumb Code    20  main.o(.text)
    GPIO_Init                                0x08000599   Thumb Code   252  main.o(.text)
    GPIO_StructInit                          0x08000695   Thumb Code    16  main.o(.text)
    GPIO_ReadInputDataBit                    0x080006a5   Thumb Code    14  main.o(.text)
    GPIO_ReadInputData                       0x080006b3   Thumb Code     6  main.o(.text)
    GPIO_ReadOutputDataBit                   0x080006b9   Thumb Code    14  main.o(.text)
    GPIO_ReadOutputData                      0x080006c7   Thumb Code     6  main.o(.text)
    GPIO_SetBits                             0x080006cd   Thumb Code     4  main.o(.text)
    GPIO_ResetBits                           0x080006d1   Thumb Code     4  main.o(.text)
    GPIO_WriteBit                            0x080006d5   Thumb Code    10  main.o(.text)
    GPIO_Write                               0x080006df   Thumb Code     4  main.o(.text)
    GPIO_PinLockConfig                       0x080006e3   Thumb Code    16  main.o(.text)
    GPIO_EventOutputConfig                   0x080006f3   Thumb Code    22  main.o(.text)
    GPIO_EventOutputCmd                      0x08000709   Thumb Code     6  main.o(.text)
    GPIO_PinRemapConfig                      0x0800070f   Thumb Code    82  main.o(.text)
    GPIO_EXTILineConfig                      0x08000761   Thumb Code    34  main.o(.text)
    GPIO_ETH_MediaInterfaceConfig            0x08000783   Thumb Code     6  main.o(.text)
    FLASH_SetLatency                         0x08000789   Thumb Code    14  main.o(.text)
    FLASH_HalfCycleAccessCmd                 0x08000797   Thumb Code    18  main.o(.text)
    FLASH_PrefetchBufferCmd                  0x080007a9   Thumb Code    18  main.o(.text)
    FLASH_Unlock                             0x080007bb   Thumb Code    12  main.o(.text)
    FLASH_UnlockBank1                        0x080007c7   Thumb Code    12  main.o(.text)
    FLASH_Lock                               0x080007d3   Thumb Code    12  main.o(.text)
    FLASH_LockBank1                          0x080007df   Thumb Code    12  main.o(.text)
    FLASH_GetBank1Status                     0x080007eb   Thumb Code    34  main.o(.text)
    FLASH_WaitForLastOperation               0x0800080d   Thumb Code    34  main.o(.text)
    FLASH_ErasePage                          0x0800082f   Thumb Code    56  main.o(.text)
    FLASH_EraseAllPages                      0x08000867   Thumb Code    52  main.o(.text)
    FLASH_WaitForLastBank1Operation          0x0800089b   Thumb Code    34  main.o(.text)
    FLASH_EraseAllBank1Pages                 0x080008bd   Thumb Code    52  main.o(.text)
    FLASH_GetReadOutProtectionStatus         0x080008f1   Thumb Code    14  main.o(.text)
    FLASH_EraseOptionBytes                   0x080008ff   Thumb Code   108  main.o(.text)
    FLASH_ProgramWord                        0x0800096b   Thumb Code    64  main.o(.text)
    FLASH_ProgramHalfWord                    0x080009ab   Thumb Code    48  main.o(.text)
    FLASH_ProgramOptionByteData              0x080009db   Thumb Code    62  main.o(.text)
    FLASH_EnableWriteProtection              0x08000a19   Thumb Code   154  main.o(.text)
    FLASH_ReadOutProtection                  0x08000ab3   Thumb Code   154  main.o(.text)
    FLASH_UserOptionByteConfig               0x08000b4d   Thumb Code    74  main.o(.text)
    FLASH_GetUserOptionByte                  0x08000b97   Thumb Code     8  main.o(.text)
    FLASH_GetWriteProtectionOptionByte       0x08000b9f   Thumb Code     6  main.o(.text)
    FLASH_GetPrefetchBufferStatus            0x08000ba5   Thumb Code    14  main.o(.text)
    FLASH_ITConfig                           0x08000bb3   Thumb Code    18  main.o(.text)
    FLASH_GetFlagStatus                      0x08000bc5   Thumb Code    28  main.o(.text)
    FLASH_ClearFlag                          0x08000be1   Thumb Code     6  main.o(.text)
    FLASH_GetStatus                          0x08000be7   Thumb Code    34  main.o(.text)
    TIM_DeInit                               0x08000c09   Thumb Code   304  main.o(.text)
    TIM_TimeBaseInit                         0x08000d39   Thumb Code   114  main.o(.text)
    TIM_OC1Init                              0x08000dab   Thumb Code   106  main.o(.text)
    TIM_OC2Init                              0x08000e15   Thumb Code   116  main.o(.text)
    TIM_OC3Init                              0x08000e89   Thumb Code   112  main.o(.text)
    TIM_OC4Init                              0x08000ef9   Thumb Code   174  main.o(.text)
    TIM_SetIC4Prescaler                      0x08000fa7   Thumb Code    18  main.o(.text)
    TIM_SetIC3Prescaler                      0x08000fb9   Thumb Code    16  main.o(.text)
    TIM_SetIC2Prescaler                      0x08000fc9   Thumb Code    18  main.o(.text)
    TIM_SetIC1Prescaler                      0x0800103d   Thumb Code    16  main.o(.text)
    TIM_ICInit                               0x080010a1   Thumb Code   268  main.o(.text)
    TIM_PWMIConfig                           0x080011ad   Thumb Code   104  main.o(.text)
    TIM_BDTRConfig                           0x08001215   Thumb Code    34  main.o(.text)
    TIM_TimeBaseStructInit                   0x08001237   Thumb Code    18  main.o(.text)
    TIM_OCStructInit                         0x08001249   Thumb Code    20  main.o(.text)
    TIM_ICStructInit                         0x0800125d   Thumb Code    16  main.o(.text)
    TIM_BDTRStructInit                       0x0800126d   Thumb Code    18  main.o(.text)
    TIM_Cmd                                  0x0800127f   Thumb Code    20  main.o(.text)
    TIM_CtrlPWMOutputs                       0x08001293   Thumb Code    22  main.o(.text)
    TIM_ITConfig                             0x080012a9   Thumb Code    16  main.o(.text)
    TIM_GenerateEvent                        0x080012b9   Thumb Code     4  main.o(.text)
    TIM_DMAConfig                            0x080012bd   Thumb Code     8  main.o(.text)
    TIM_DMACmd                               0x080012c5   Thumb Code    16  main.o(.text)
    TIM_InternalClockConfig                  0x080012d5   Thumb Code    10  main.o(.text)
    TIM_SelectInputTrigger                   0x080012df   Thumb Code    12  main.o(.text)
    TIM_ITRxExternalClockConfig              0x080012eb   Thumb Code    20  main.o(.text)
    TIM_TIxExternalClockConfig               0x080012ff   Thumb Code    46  main.o(.text)
    TIM_ETRConfig                            0x0800132d   Thumb Code    18  main.o(.text)
    TIM_ETRClockMode1Config                  0x0800133f   Thumb Code    18  main.o(.text)
    TIM_ETRClockMode2Config                  0x08001351   Thumb Code    40  main.o(.text)
    TIM_PrescalerConfig                      0x08001379   Thumb Code     6  main.o(.text)
    TIM_CounterModeConfig                    0x0800137f   Thumb Code    12  main.o(.text)
    TIM_EncoderInterfaceConfig               0x0800138b   Thumb Code    44  main.o(.text)
    TIM_ForcedOC1Config                      0x080013b7   Thumb Code    12  main.o(.text)
    TIM_ForcedOC2Config                      0x080013c3   Thumb Code    14  main.o(.text)
    TIM_ForcedOC3Config                      0x080013d1   Thumb Code    12  main.o(.text)
    TIM_ForcedOC4Config                      0x080013dd   Thumb Code    14  main.o(.text)
    TIM_ARRPreloadConfig                     0x080013eb   Thumb Code    20  main.o(.text)
    TIM_SelectCOM                            0x080013ff   Thumb Code    20  main.o(.text)
    TIM_SelectCCDMA                          0x08001413   Thumb Code    20  main.o(.text)
    TIM_CCPreloadControl                     0x08001427   Thumb Code    20  main.o(.text)
    TIM_OC1PreloadConfig                     0x0800143b   Thumb Code    12  main.o(.text)
    TIM_OC2PreloadConfig                     0x08001447   Thumb Code    14  main.o(.text)
    TIM_OC3PreloadConfig                     0x08001455   Thumb Code    12  main.o(.text)
    TIM_OC4PreloadConfig                     0x08001461   Thumb Code    14  main.o(.text)
    TIM_OC1FastConfig                        0x0800146f   Thumb Code    12  main.o(.text)
    TIM_OC2FastConfig                        0x0800147b   Thumb Code    14  main.o(.text)
    TIM_OC3FastConfig                        0x08001489   Thumb Code    12  main.o(.text)
    TIM_OC4FastConfig                        0x08001495   Thumb Code    14  main.o(.text)
    TIM_ClearOC1Ref                          0x080014a3   Thumb Code    12  main.o(.text)
    TIM_ClearOC2Ref                          0x080014af   Thumb Code    14  main.o(.text)
    TIM_ClearOC3Ref                          0x080014bd   Thumb Code    12  main.o(.text)
    TIM_ClearOC4Ref                          0x080014c9   Thumb Code    14  main.o(.text)
    TIM_OC1PolarityConfig                    0x080014d7   Thumb Code    12  main.o(.text)
    TIM_OC1NPolarityConfig                   0x080014e3   Thumb Code    12  main.o(.text)
    TIM_OC2PolarityConfig                    0x080014ef   Thumb Code    14  main.o(.text)
    TIM_OC2NPolarityConfig                   0x080014fd   Thumb Code    14  main.o(.text)
    TIM_OC3PolarityConfig                    0x0800150b   Thumb Code    14  main.o(.text)
    TIM_OC3NPolarityConfig                   0x08001519   Thumb Code    14  main.o(.text)
    TIM_OC4PolarityConfig                    0x08001527   Thumb Code    14  main.o(.text)
    TIM_CCxCmd                               0x08001535   Thumb Code    22  main.o(.text)
    TIM_CCxNCmd                              0x0800154b   Thumb Code    22  main.o(.text)
    TIM_SelectOCxM                           0x08001561   Thumb Code    66  main.o(.text)
    TIM_UpdateDisableConfig                  0x080015a3   Thumb Code    20  main.o(.text)
    TIM_UpdateRequestConfig                  0x080015b7   Thumb Code    20  main.o(.text)
    TIM_SelectHallSensor                     0x080015cb   Thumb Code    20  main.o(.text)
    TIM_SelectOnePulseMode                   0x080015df   Thumb Code    16  main.o(.text)
    TIM_SelectOutputTrigger                  0x080015ef   Thumb Code    16  main.o(.text)
    TIM_SelectSlaveMode                      0x080015ff   Thumb Code    16  main.o(.text)
    TIM_SelectMasterSlaveMode                0x0800160f   Thumb Code    16  main.o(.text)
    TIM_SetCounter                           0x0800161f   Thumb Code     4  main.o(.text)
    TIM_SetAutoreload                        0x08001623   Thumb Code     4  main.o(.text)
    TIM_SetCompare1                          0x08001627   Thumb Code     4  main.o(.text)
    TIM_SetCompare2                          0x0800162b   Thumb Code     4  main.o(.text)
    TIM_SetCompare3                          0x0800162f   Thumb Code     4  main.o(.text)
    TIM_SetCompare4                          0x08001633   Thumb Code     6  main.o(.text)
    TIM_SetClockDivision                     0x08001639   Thumb Code    16  main.o(.text)
    TIM_GetCapture1                          0x08001649   Thumb Code     4  main.o(.text)
    TIM_GetCapture2                          0x0800164d   Thumb Code     4  main.o(.text)
    TIM_GetCapture3                          0x08001651   Thumb Code     4  main.o(.text)
    TIM_GetCapture4                          0x08001655   Thumb Code     6  main.o(.text)
    TIM_GetCounter                           0x0800165b   Thumb Code     4  main.o(.text)
    TIM_GetPrescaler                         0x0800165f   Thumb Code     4  main.o(.text)
    TIM_GetFlagStatus                        0x08001663   Thumb Code    14  main.o(.text)
    TIM_ClearFlag                            0x08001671   Thumb Code     6  main.o(.text)
    TIM_GetITStatus                          0x08001677   Thumb Code    24  main.o(.text)
    TIM_ClearITPendingBit                    0x0800168f   Thumb Code     6  main.o(.text)
    ctrlprocess                              0x08001695   Thumb Code   160  main.o(.text)
    main                                     0x08001735   Thumb Code    22  main.o(.text)
    RCC_Configuration                        0x08001755   Thumb Code    96  sys.o(.text)
    Stm32_Clock_Init                         0x080017b5   Thumb Code    90  sys.o(.text)
    delay_init                               0x0800180f   Thumb Code    28  sys.o(.text)
    delay_ms                                 0x0800182b   Thumb Code    36  sys.o(.text)
    delay_us                                 0x0800184f   Thumb Code    36  sys.o(.text)
    RC522_delay_ns                           0x08001881   Thumb Code    32  rc522.o(.text)
    RC522_IO_Init                            0x080018a1   Thumb Code    62  rc522.o(.text)
    SPIWriteByte                             0x080018df   Thumb Code    66  rc522.o(.text)
    WriteRawRC                               0x08001921   Thumb Code    50  rc522.o(.text)
    SPIReadByte                              0x08001953   Thumb Code    64  rc522.o(.text)
    ReadRawRC                                0x08001993   Thumb Code    50  rc522.o(.text)
    SetBitMask                               0x080019c5   Thumb Code    22  rc522.o(.text)
    PcdAntennaOn                             0x080019db   Thumb Code    24  rc522.o(.text)
    ClearBitMask                             0x080019f3   Thumb Code    22  rc522.o(.text)
    M500PcdConfigISOType                     0x08001a09   Thumb Code    90  rc522.o(.text)
    PcdAntennaOff                            0x08001a63   Thumb Code     6  rc522.o(.text)
    PcdReset                                 0x08001a69   Thumb Code   112  rc522.o(.text)
    InitRc522                                0x08001ad9   Thumb Code    26  rc522.o(.text)
    PcdComMF522                              0x08001af3   Thumb Code   276  rc522.o(.text)
    PcdRequest                               0x08001c07   Thumb Code    80  rc522.o(.text)
    PcdAnticoll                              0x08001c57   Thumb Code   110  rc522.o(.text)
    CalulateCRC                              0x08001cc5   Thumb Code   102  rc522.o(.text)
    PcdSelect                                0x08001d2b   Thumb Code    98  rc522.o(.text)
    PcdAuthState                             0x08001d8d   Thumb Code    80  rc522.o(.text)
    PcdRead                                  0x08001ddd   Thumb Code    72  rc522.o(.text)
    PcdWrite                                 0x08001e25   Thumb Code   128  rc522.o(.text)
    PcdHalt                                  0x08001ea5   Thumb Code    50  rc522.o(.text)
    __use_two_region_memory                  0x08001ed7   Thumb Code     2  heapauxi.o(.text)
    __rt_heap_escrow$2region                 0x08001ed9   Thumb Code     2  heapauxi.o(.text)
    __rt_heap_expand$2region                 0x08001edb   Thumb Code     2  heapauxi.o(.text)
    __user_setup_stackheap                   0x08001edd   Thumb Code    74  sys_stackheap_outer.o(.text)
    exit                                     0x08001f27   Thumb Code    12  exit.o(.text)
    __user_libspace                          0x08001f35   Thumb Code     8  libspace.o(.text)
    __user_perproc_libspace                  0x08001f35   Thumb Code     0  libspace.o(.text)
    __user_perthread_libspace                0x08001f35   Thumb Code     0  libspace.o(.text)
    __rt_fp_status_addr                      0x08001f3d   Thumb Code    12  rt_fp_status_addr_intlibspace.o(.text)
    _sys_exit                                0x08001f49   Thumb Code     8  sys_exit.o(.text)
    __I$use$semihosting                      0x08001f55   Thumb Code     0  use_no_semi.o(.text)
    __use_no_semihosting_swi                 0x08001f55   Thumb Code     2  use_no_semi.o(.text)
    _fp_init                                 0x08001f57   Thumb Code    14  fpinit.o(x$fpl$fpinit)
    __fplib_config_pureend_doubles           0x08001f63   Thumb Code     0  fpinit.o(x$fpl$fpinit)
    Region$$Table$$Base                      0x08001f64   Number         0  anon$$obj.o(Region$$Table)
    Region$$Table$$Limit                     0x08001f84   Number         0  anon$$obj.o(Region$$Table)
    MLastSelectedSnr                         0x20000004   Data           4  main.o(.data)
    LastKeyA                                 0x20000008   Data           6  main.o(.data)
    Read_Data                                0x20000024   Data          16  main.o(.bss)
    Write_First_Data                         0x20000034   Data          16  main.o(.bss)
    RevBuffer                                0x20000044   Data          30  main.o(.bss)
    __libspace_start                         0x20000064   Data          96  libspace.o(.bss)
    __temporary_stack_top$libspace           0x200000c4   Data           0  libspace.o(.bss)



==============================================================================

Memory Map of the image

  Image Entry point : 0x0800018d

  Load Region LR_1 (Base: 0x08000000, Size: 0x00001fa8, Max: 0xffffffff, ABSOLUTE)

    Execution Region ER_RO (Base: 0x08000000, Size: 0x00001f84, Max: 0xffffffff, ABSOLUTE)

    Base Addr    Size         Type   Attr      Idx    E Section Name        Object

    0x08000000   0x000000ec   Data   RO            3    RESET               stm32f10x.o
    0x080000ec   0x00000008   Code   RO          119  * !!!main             c_w.l(__main.o)(c_w.l)
    0x080000f4   0x00000034   Code   RO          281    !!!scatter          c_w.l(__scatter.o)(c_w.l)
    0x08000128   0x0000001a   Code   RO          283    !!handler_copy      c_w.l(__scatter_copy.o)(c_w.l)
    0x08000142   0x00000002   PAD
    0x08000144   0x0000001c   Code   RO          285    !!handler_zi        c_w.l(__scatter_zi.o)(c_w.l)
    0x08000160   0x00000006   Code   RO          151    .ARM.Collect$$libinit$$00000000  c_w.l(libinit.o)(c_w.l)
    0x08000166   0x00000000   Code   RO          159    .ARM.Collect$$libinit$$00000006  c_w.l(libinit2.o)(c_w.l)
    0x08000166   0x00000000   Code   RO          161    .ARM.Collect$$libinit$$00000008  c_w.l(libinit2.o)(c_w.l)
    0x08000166   0x00000000   Code   RO          163    .ARM.Collect$$libinit$$0000000A  c_w.l(libinit2.o)(c_w.l)
    0x08000166   0x00000000   Code   RO          166    .ARM.Collect$$libinit$$0000000D  c_w.l(libinit2.o)(c_w.l)
    0x08000166   0x00000000   Code   RO          168    .ARM.Collect$$libinit$$0000000F  c_w.l(libinit2.o)(c_w.l)
    0x08000166   0x00000000   Code   RO          170    .ARM.Collect$$libinit$$00000011  c_w.l(libinit2.o)(c_w.l)
    0x08000166   0x00000000   Code   RO          172    .ARM.Collect$$libinit$$00000013  c_w.l(libinit2.o)(c_w.l)
    0x08000166   0x00000000   Code   RO          174    .ARM.Collect$$libinit$$00000015  c_w.l(libinit2.o)(c_w.l)
    0x08000166   0x00000000   Code   RO          176    .ARM.Collect$$libinit$$00000017  c_w.l(libinit2.o)(c_w.l)
    0x08000166   0x00000000   Code   RO          178    .ARM.Collect$$libinit$$00000019  c_w.l(libinit2.o)(c_w.l)
    0x08000166   0x00000000   Code   RO          180    .ARM.Collect$$libinit$$0000001B  c_w.l(libinit2.o)(c_w.l)
    0x08000166   0x00000000   Code   RO          182    .ARM.Collect$$libinit$$0000001D  c_w.l(libinit2.o)(c_w.l)
    0x08000166   0x00000000   Code   RO          184    .ARM.Collect$$libinit$$0000001F  c_w.l(libinit2.o)(c_w.l)
    0x08000166   0x00000000   Code   RO          186    .ARM.Collect$$libinit$$00000021  c_w.l(libinit2.o)(c_w.l)
    0x08000166   0x00000000   Code   RO          190    .ARM.Collect$$libinit$$00000028  c_w.l(libinit2.o)(c_w.l)
    0x08000166   0x00000000   Code   RO          192    .ARM.Collect$$libinit$$0000002A  c_w.l(libinit2.o)(c_w.l)
    0x08000166   0x00000000   Code   RO          194    .ARM.Collect$$libinit$$0000002C  c_w.l(libinit2.o)(c_w.l)
    0x08000166   0x00000000   Code   RO          196    .ARM.Collect$$libinit$$0000002E  c_w.l(libinit2.o)(c_w.l)
    0x08000166   0x00000002   Code   RO          197    .ARM.Collect$$libinit$$0000002F  c_w.l(libinit2.o)(c_w.l)
    0x08000168   0x00000002   Code   RO          223    .ARM.Collect$$libshutdown$$00000000  c_w.l(libshutdown.o)(c_w.l)
    0x0800016a   0x00000000   Code   RO          236    .ARM.Collect$$libshutdown$$00000003  c_w.l(libshutdown2.o)(c_w.l)
    0x0800016a   0x00000000   Code   RO          239    .ARM.Collect$$libshutdown$$00000006  c_w.l(libshutdown2.o)(c_w.l)
    0x0800016a   0x00000000   Code   RO          242    .ARM.Collect$$libshutdown$$00000009  c_w.l(libshutdown2.o)(c_w.l)
    0x0800016a   0x00000000   Code   RO          244    .ARM.Collect$$libshutdown$$0000000B  c_w.l(libshutdown2.o)(c_w.l)
    0x0800016a   0x00000000   Code   RO          247    .ARM.Collect$$libshutdown$$0000000E  c_w.l(libshutdown2.o)(c_w.l)
    0x0800016a   0x00000002   Code   RO          248    .ARM.Collect$$libshutdown$$0000000F  c_w.l(libshutdown2.o)(c_w.l)
    0x0800016c   0x00000000   Code   RO          121    .ARM.Collect$$rtentry$$00000000  c_w.l(rtentry.o)(c_w.l)
    0x0800016c   0x00000000   Code   RO          124    .ARM.Collect$$rtentry$$00000002  c_w.l(rtentry2.o)(c_w.l)
    0x0800016c   0x00000006   Code   RO          139    .ARM.Collect$$rtentry$$00000004  c_w.l(rtentry4.o)(c_w.l)
    0x08000172   0x00000000   Code   RO          126    .ARM.Collect$$rtentry$$00000009  c_w.l(rtentry2.o)(c_w.l)
    0x08000172   0x00000004   Code   RO          127    .ARM.Collect$$rtentry$$0000000A  c_w.l(rtentry2.o)(c_w.l)
    0x08000176   0x00000000   Code   RO          129    .ARM.Collect$$rtentry$$0000000C  c_w.l(rtentry2.o)(c_w.l)
    0x08000176   0x00000008   Code   RO          130    .ARM.Collect$$rtentry$$0000000D  c_w.l(rtentry2.o)(c_w.l)
    0x0800017e   0x00000002   Code   RO          155    .ARM.Collect$$rtexit$$00000000  c_w.l(rtexit.o)(c_w.l)
    0x08000180   0x00000000   Code   RO          201    .ARM.Collect$$rtexit$$00000002  c_w.l(rtexit2.o)(c_w.l)
    0x08000180   0x00000004   Code   RO          202    .ARM.Collect$$rtexit$$00000003  c_w.l(rtexit2.o)(c_w.l)
    0x08000184   0x00000006   Code   RO          203    .ARM.Collect$$rtexit$$00000004  c_w.l(rtexit2.o)(c_w.l)
    0x0800018a   0x00000002   PAD
    0x0800018c   0x00000034   Code   RO            4  * .text               stm32f10x.o
    0x080001c0   0x00001594   Code   RO           10    .text               main.o
    0x08001754   0x0000012c   Code   RO           85    .text               sys.o
    0x08001880   0x00000656   Code   RO          102    .text               rc522.o
    0x08001ed6   0x00000006   Code   RO          117    .text               c_w.l(heapauxi.o)(c_w.l)
    0x08001edc   0x0000004a   Code   RO          141    .text               c_w.l(sys_stackheap_outer.o)(c_w.l)
    0x08001f26   0x0000000c   Code   RO          143    .text               c_w.l(exit.o)(c_w.l)
    0x08001f32   0x00000002   PAD
    0x08001f34   0x00000008   Code   RO          152    .text               c_w.l(libspace.o)(c_w.l)
    0x08001f3c   0x0000000c   Code   RO          211    .text               c_w.l(rt_fp_status_addr_intlibspace.o)(c_w.l)
    0x08001f48   0x0000000c   Code   RO          215    .text               c_w.l(sys_exit.o)(c_w.l)
    0x08001f54   0x00000002   Code   RO          226    .text               c_w.l(use_no_semi.o)(c_w.l)
    0x08001f56   0x0000000e   Code   RO          198    x$fpl$fpinit        fz_ws.l(fpinit.o)(fz_ws.l)
    0x08001f64   0x00000020   Data   RO          279    Region$$Table       anon$$obj.o


    Execution Region ER_RW (Base: 0x20000000, Size: 0x00000024, Max: 0xffffffff, ABSOLUTE)

    Base Addr    Size         Type   Attr      Idx    E Section Name        Object

    0x20000000   0x0000001e   Data   RW           12    .data               main.o
    0x2000001e   0x00000004   Data   RW           86    .data               sys.o


    Execution Region ER_ZI (Base: 0x20000024, Size: 0x000002a4, Max: 0xffffffff, ABSOLUTE)

    Base Addr    Size         Type   Attr      Idx    E Section Name        Object

    0x20000024   0x0000003e   Zero   RW           11    .bss                main.o
    0x20000062   0x00000002   PAD
    0x20000064   0x00000060   Zero   RW          153    .bss                c_w.l(libspace.o)(c_w.l)
    0x200000c4   0x00000004   PAD
    0x200000c8   0x00000000   Zero   RW            2    HEAP                stm32f10x.o
    0x200000c8   0x00000200   Zero   RW            1    STACK               stm32f10x.o


==============================================================================

Image component sizes


      Code (inc. data)   RO Data    RW Data    ZI Data      Debug   Object Name

      5524        244          0         30         62          0   main.o
      1622          4          0          0          0          0   rc522.o
        52         18        236          0        512          0   stm32f10x.o
       300         14          0          4          0          0   sys.o

    ----------------------------------------------------------------------
      7498        280        268         36        576          0   Object Totals
         0          0         32          0          0          0   (incl. Generated)
         0          0          0          2          2          2   (incl. Padding)

    ----------------------------------------------------------------------

      Code (inc. data)   RO Data    RW Data    ZI Data      Debug   Library Member Name

         8          0          0          0          0          0   __main.o
        52          8          0          0          0          0   __scatter.o
        26          0          0          0          0          0   __scatter_copy.o
        28          0          0          0          0          0   __scatter_zi.o
        12          0          0          0          0          0   exit.o
         6          0          0          0          0          0   heapauxi.o
         6          0          0          0          0          0   libinit.o
         2          0          0          0          0          0   libinit2.o
         2          0          0          0          0          0   libshutdown.o
         2          0          0          0          0          0   libshutdown2.o
         8          4          0          0         96          0   libspace.o
        12          4          0          0          0          0   rt_fp_status_addr_intlibspace.o
         0          0          0          0          0          0   rtentry.o
        12          0          0          0          0          0   rtentry2.o
         6          0          0          0          0          0   rtentry4.o
         2          0          0          0          0          0   rtexit.o
        10          0          0          0          0          0   rtexit2.o
        12          4          0          0          0          0   sys_exit.o
        74          0          0          0          0          0   sys_stackheap_outer.o
         2          0          0          0          0          0   use_no_semi.o
        14          0          0          0          0          0   fpinit.o

    ----------------------------------------------------------------------
       302         20          0          0        100          0   Library Totals
         6          0          0          0          4          0   (incl. Padding)

    ----------------------------------------------------------------------

      Code (inc. data)   RO Data    RW Data    ZI Data      Debug   Library Name

       282         20          0          0         96        640   c_w.l
        14          0          0          0          0         76   fz_ws.l

    ----------------------------------------------------------------------
       302         20          0          0        100          0   Library Totals

    ----------------------------------------------------------------------

==============================================================================


      Code (inc. data)   RO Data    RW Data    ZI Data      Debug   

      7800        300        268         36        676     309552   Grand Totals
      7800        300        268         36        676     309552   ELF Image Totals
      7800        300        268         36          0          0   ROM Totals

==============================================================================

    Total RO  Size (Code + RO Data)                 8068 (   7.88kB)
    Total RW  Size (RW Data + ZI Data)               712 (   0.70kB)
    Total ROM Size (Code + RO Data + RW Data)       8104 (   7.91kB)

==============================================================================

